// Jest Snapshot v1, https://goo.gl/fbAQLP

exports[`Contact details renders by default 1`] = `
<article
  class="sc-jzJRlG cfNkLn"
>
  <header
    class="sc-fjdhpX nsimD"
  >
    <a
      class=""
      href="/"
    >
      <i
        class="sc-bdVaJa bDWFJH material-icons"
      >
        arrow_back_ios
      </i>
    </a>
  </header>
  <section
    class="sc-jTzLTM eCMmlJ"
  >
    <svg
      class="lds-infinity"
      data-testid="spinner"
      height="100px"
      preserveAspectRatio="xMidYMid"
      viewBox="0 0 100 100"
      width="100px"
      xmlns="http://www.w3.org/2000/svg"
    >
      <path
        d="M24.3,30C11.4,30,5,43.3,5,50s6.4,20,19.3,20c19.3,0,32.1-40,51.4-40 C88.6,30,95,43.3,95,50s-6.4,20-19.3,20C56.4,70,43.6,30,24.3,30z"
        fill="none"
        ng-attr-stroke="{{config.stroke}}"
        ng-attr-stroke-dasharray="{{config.dasharray}}"
        ng-attr-stroke-width="{{config.width}}"
        stroke="#0084ff"
        stroke-dasharray="5.131778564453125 5.131778564453125"
        stroke-width="8"
      >
        <animate
          attributeName="stroke-dashoffset"
          begin="0s"
          calcMode="linear"
          dur="7.8"
          keyTimes="0;1"
          repeatCount="indefinite"
          values="0;256.58892822265625"
        />
      </path>
    </svg>
  </section>
</article>
`;
